// Jest Snapshot v1, https://goo.gl/fbAQLP

exports[`[object Object] 1`] = `
<table
  className="table is-fullwidth is-bordered"
>
  <thead>
    <tr>
      <th
        key="header-0"
      >
        header
      </th>
    </tr>
  </thead>
  <tbody>
    <tr
      key="entry-0"
    />
    <tr
      key="entry-1"
    />
    <tr
      key="entry-2"
    />
    <tr
      key="entry-3"
    />
  </tbody>
</table>
`;
